#-----------------------------------------------------------
# Vivado v2018.2 (64-bit)
# SW Build 2258646 on Thu Jun 14 20:03:12 MDT 2018
# IP Build 2256618 on Thu Jun 14 22:10:49 MDT 2018
# Start of session at: Mon Apr 28 22:20:39 2025
# Process ID: 21500
# Current directory: C:/Users/longt/Downloads/VLSI/Assignment/VLSI_Assignment
# Command line: vivado.exe -gui_launcher_event rodinguilauncherevent21116 C:\Users\longt\Downloads\VLSI\Assignment\VLSI_Assignment\VLSI_Assignment.xpr
# Log file: C:/Users/longt/Downloads/VLSI/Assignment/VLSI_Assignment/vivado.log
# Journal file: C:/Users/longt/Downloads/VLSI/Assignment/VLSI_Assignment\vivado.jou
#-----------------------------------------------------------
start_gui
open_project C:/Users/longt/Downloads/VLSI/Assignment/VLSI_Assignment/VLSI_Assignment.xpr
Scanning sources...
Finished scanning sources
INFO: [IP_Flow 19-234] Refreshing IP repositories
INFO: [IP_Flow 19-1704] No user IP repositories specified
INFO: [IP_Flow 19-2313] Loaded Vivado IP repository 'C:/Xilinx/Vivado/2018.2/data/ip'.
open_project: Time (s): cpu = 00:00:05 ; elapsed = 00:00:05 . Memory (MB): peak = 936.492 ; gain = 186.914
exit
INFO: [Common 17-206] Exiting Vivado at Mon Apr 28 22:20:56 2025...
